{
  "TableSuffix": "TheTableSuffix",
  "CorrelationProperty": {
    "Type": "String",
    "Name": "MyId"
  },
  "TransitionalCorrelationProperty": null,
  "Name": "SagaDefinitionReaderTest/SagaWithDataBaseClass"
}