
delete top (@BatchSize) from [TheSchema].[TheTablePrefixOutboxData] with (rowlock)
where Dispatched = 'true' and
      DispatchedAt < @DispatchedBefore